This is pdfTeX, Version 3.141592653-2.6-1.40.26 (TeX Live 2025/dev/Debian) (preloaded format=pdflatex 2026.4.6)  9 APR 2026 16:44
entering extended mode
 restricted \write18 enabled.
 %&-line parsing enabled.
**02_axioms.tex
(./02_axioms.tex
LaTeX2e <2024-11-01> patch level 2
L3 programming layer <2025-01-18>
(/usr/share/texlive/texmf-dist/tex/latex/base/article.cls
Document Class: article 2024/06/29 v1.4n Standard LaTeX document class
(/usr/share/texlive/texmf-dist/tex/latex/base/size12.clo
File: size12.clo 2024/06/29 v1.4n Standard LaTeX file (size option)
)
\c@part=\count196
\c@section=\count197
\c@subsection=\count198
\c@subsubsection=\count199
\c@paragraph=\count266
\c@subparagraph=\count267
\c@figure=\count268
\c@table=\count269
\abovecaptionskip=\skip49
\belowcaptionskip=\skip50
\bibindent=\dimen141
)
(/usr/share/texlive/texmf-dist/tex/latex/base/inputenc.sty
Package: inputenc 2024/02/08 v1.3d Input encoding file
\inpenc@prehook=\toks17
\inpenc@posthook=\toks18
)
(/usr/share/texlive/texmf-dist/tex/latex/base/fontenc.sty
Package: fontenc 2021/04/29 v2.0v Standard LaTeX package
)
(/usr/share/texlive/texmf-dist/tex/latex/amsmath/amsmath.sty
Package: amsmath 2024/11/05 v2.17t AMS math features
\@mathmargin=\skip51

For additional information on amsmath, use the `?' option.
(/usr/share/texlive/texmf-dist/tex/latex/amsmath/amstext.sty
Package: amstext 2021/08/26 v2.01 AMS text

(/usr/share/texlive/texmf-dist/tex/latex/amsmath/amsgen.sty
File: amsgen.sty 1999/11/30 v2.0 generic functions
\@emptytoks=\toks19
\ex@=\dimen142
))
(/usr/share/texlive/texmf-dist/tex/latex/amsmath/amsbsy.sty
Package: amsbsy 1999/11/29 v1.2d Bold Symbols
\pmbraise@=\dimen143
)
(/usr/share/texlive/texmf-dist/tex/latex/amsmath/amsopn.sty
Package: amsopn 2022/04/08 v2.04 operator names
)
\inf@bad=\count270
LaTeX Info: Redefining \frac on input line 233.
\uproot@=\count271
\leftroot@=\count272
LaTeX Info: Redefining \overline on input line 398.
LaTeX Info: Redefining \colon on input line 409.
\classnum@=\count273
\DOTSCASE@=\count274
LaTeX Info: Redefining \ldots on input line 495.
LaTeX Info: Redefining \dots on input line 498.
LaTeX Info: Redefining \cdots on input line 619.
\Mathstrutbox@=\box52
\strutbox@=\box53
LaTeX Info: Redefining \big on input line 721.
LaTeX Info: Redefining \Big on input line 722.
LaTeX Info: Redefining \bigg on input line 723.
LaTeX Info: Redefining \Bigg on input line 724.
\big@size=\dimen144
LaTeX Font Info:    Redeclaring font encoding OML on input line 742.
LaTeX Font Info:    Redeclaring font encoding OMS on input line 743.
\macc@depth=\count275
LaTeX Info: Redefining \bmod on input line 904.
LaTeX Info: Redefining \pmod on input line 909.
LaTeX Info: Redefining \smash on input line 939.
LaTeX Info: Redefining \relbar on input line 969.
LaTeX Info: Redefining \Relbar on input line 970.
\c@MaxMatrixCols=\count276
\dotsspace@=\muskip17
\c@parentequation=\count277
\dspbrk@lvl=\count278
\tag@help=\toks20
\row@=\count279
\column@=\count280
\maxfields@=\count281
\andhelp@=\toks21
\eqnshift@=\dimen145
\alignsep@=\dimen146
\tagshift@=\dimen147
\tagwidth@=\dimen148
\totwidth@=\dimen149
\lineht@=\dimen150
\@envbody=\toks22
\multlinegap=\skip52
\multlinetaggap=\skip53
\mathdisplay@stack=\toks23
LaTeX Info: Redefining \[ on input line 2953.
LaTeX Info: Redefining \] on input line 2954.
)
(/usr/share/texlive/texmf-dist/tex/latex/amsfonts/amssymb.sty
Package: amssymb 2013/01/14 v3.01 AMS font symbols

(/usr/share/texlive/texmf-dist/tex/latex/amsfonts/amsfonts.sty
Package: amsfonts 2013/01/14 v3.01 Basic AMSFonts support
\symAMSa=\mathgroup4
\symAMSb=\mathgroup5
LaTeX Font Info:    Redeclaring math symbol \hbar on input line 98.
LaTeX Font Info:    Overwriting math alphabet `\mathfrak' in version `bold'
(Font)                  U/euf/m/n --> U/euf/b/n on input line 106.
))
(/usr/share/texlive/texmf-dist/tex/latex/amscls/amsthm.sty
Package: amsthm 2020/05/29 v2.20.6
\thm@style=\toks24
\thm@bodyfont=\toks25
\thm@headfont=\toks26
\thm@notefont=\toks27
\thm@headpunct=\toks28
\thm@preskip=\skip54
\thm@postskip=\skip55
\thm@headsep=\skip56
\dth@everypar=\toks29
)
(/usr/share/texlive/texmf-dist/tex/latex/jknapltx/mathrsfs.sty
Package: mathrsfs 1996/01/01 Math RSFS package v1.0 (jk)
\symrsfs=\mathgroup6
)
(/usr/share/texlive/texmf-dist/tex/latex/geometry/geometry.sty
Package: geometry 2020/01/02 v5.9 Page Geometry

(/usr/share/texlive/texmf-dist/tex/latex/graphics/keyval.sty
Package: keyval 2022/05/29 v1.15 key=value parser (DPC)
\KV@toks@=\toks30
)
(/usr/share/texlive/texmf-dist/tex/generic/iftex/ifvtex.sty
Package: ifvtex 2019/10/25 v1.7 ifvtex legacy package. Use iftex instead.

(/usr/share/texlive/texmf-dist/tex/generic/iftex/iftex.sty
Package: iftex 2024/12/12 v1.0g TeX engine tests
))
\Gm@cnth=\count282
\Gm@cntv=\count283
\c@Gm@tempcnt=\count284
\Gm@bindingoffset=\dimen151
\Gm@wd@mp=\dimen152
\Gm@odd@mp=\dimen153
\Gm@even@mp=\dimen154
\Gm@layoutwidth=\dimen155
\Gm@layoutheight=\dimen156
\Gm@layouthoffset=\dimen157
\Gm@layoutvoffset=\dimen158
\Gm@dimlist=\toks31
)
(/usr/share/texlive/texmf-dist/tex/latex/hyperref/hyperref.sty
Package: hyperref 2024-11-05 v7.01l Hypertext links for LaTeX

(/usr/share/texlive/texmf-dist/tex/latex/kvsetkeys/kvsetkeys.sty
Package: kvsetkeys 2022-10-05 v1.19 Key value parser (HO)
)
(/usr/share/texlive/texmf-dist/tex/generic/kvdefinekeys/kvdefinekeys.sty
Package: kvdefinekeys 2019-12-19 v1.6 Define keys (HO)
)
(/usr/share/texlive/texmf-dist/tex/generic/pdfescape/pdfescape.sty
Package: pdfescape 2019/12/09 v1.15 Implements pdfTeX's escape features (HO)

(/usr/share/texlive/texmf-dist/tex/generic/ltxcmds/ltxcmds.sty
Package: ltxcmds 2023-12-04 v1.26 LaTeX kernel commands for general use (HO)
)
(/usr/share/texlive/texmf-dist/tex/generic/pdftexcmds/pdftexcmds.sty
Package: pdftexcmds 2020-06-27 v0.33 Utility functions of pdfTeX for LuaTeX (HO
)

(/usr/share/texlive/texmf-dist/tex/generic/infwarerr/infwarerr.sty
Package: infwarerr 2019/12/03 v1.5 Providing info/warning/error messages (HO)
)
Package pdftexcmds Info: \pdf@primitive is available.
Package pdftexcmds Info: \pdf@ifprimitive is available.
Package pdftexcmds Info: \pdfdraftmode found.
))
(/usr/share/texlive/texmf-dist/tex/latex/hycolor/hycolor.sty
Package: hycolor 2020-01-27 v1.10 Color options for hyperref/bookmark (HO)
)
(/usr/share/texlive/texmf-dist/tex/latex/hyperref/nameref.sty
Package: nameref 2023-11-26 v2.56 Cross-referencing by name of section

(/usr/share/texlive/texmf-dist/tex/latex/refcount/refcount.sty
Package: refcount 2019/12/15 v3.6 Data extraction from label references (HO)
)
(/usr/share/texlive/texmf-dist/tex/generic/gettitlestring/gettitlestring.sty
Package: gettitlestring 2019/12/15 v1.6 Cleanup title references (HO)

(/usr/share/texlive/texmf-dist/tex/latex/kvoptions/kvoptions.sty
Package: kvoptions 2022-06-15 v3.15 Key value format for package options (HO)
))
\c@section@level=\count285
)
(/usr/share/texlive/texmf-dist/tex/latex/etoolbox/etoolbox.sty
Package: etoolbox 2025/02/11 v2.5l e-TeX tools for LaTeX (JAW)
\etb@tempcnta=\count286
)
(/usr/share/texlive/texmf-dist/tex/generic/stringenc/stringenc.sty
Package: stringenc 2019/11/29 v1.12 Convert strings between diff. encodings (HO
)
)
\@linkdim=\dimen159
\Hy@linkcounter=\count287
\Hy@pagecounter=\count288

(/usr/share/texlive/texmf-dist/tex/latex/hyperref/pd1enc.def
File: pd1enc.def 2024-11-05 v7.01l Hyperref: PDFDocEncoding definition (HO)
Now handling font encoding PD1 ...
... no UTF-8 mapping file for font encoding PD1
)
(/usr/share/texlive/texmf-dist/tex/generic/intcalc/intcalc.sty
Package: intcalc 2019/12/15 v1.3 Expandable calculations with integers (HO)
)
\Hy@SavedSpaceFactor=\count289

(/usr/share/texlive/texmf-dist/tex/latex/hyperref/puenc.def
File: puenc.def 2024-11-05 v7.01l Hyperref: PDF Unicode definition (HO)
Now handling font encoding PU ...
... no UTF-8 mapping file for font encoding PU
)
Package hyperref Info: Hyper figures OFF on input line 4157.
Package hyperref Info: Link nesting OFF on input line 4162.
Package hyperref Info: Hyper index ON on input line 4165.
Package hyperref Info: Plain pages OFF on input line 4172.
Package hyperref Info: Backreferencing OFF on input line 4177.
Package hyperref Info: Implicit mode ON; LaTeX internals redefined.
Package hyperref Info: Bookmarks ON on input line 4424.
\c@Hy@tempcnt=\count290

(/usr/share/texlive/texmf-dist/tex/latex/url/url.sty
\Urlmuskip=\muskip18
Package: url 2013/09/16  ver 3.4  Verb mode for urls, etc.
)
LaTeX Info: Redefining \url on input line 4763.
\XeTeXLinkMargin=\dimen160

(/usr/share/texlive/texmf-dist/tex/generic/bitset/bitset.sty
Package: bitset 2019/12/09 v1.3 Handle bit-vector datatype (HO)

(/usr/share/texlive/texmf-dist/tex/generic/bigintcalc/bigintcalc.sty
Package: bigintcalc 2019/12/15 v1.5 Expandable calculations on big integers (HO
)
))
\Fld@menulength=\count291
\Field@Width=\dimen161
\Fld@charsize=\dimen162
Package hyperref Info: Hyper figures OFF on input line 6042.
Package hyperref Info: Link nesting OFF on input line 6047.
Package hyperref Info: Hyper index ON on input line 6050.
Package hyperref Info: backreferencing OFF on input line 6057.
Package hyperref Info: Link coloring OFF on input line 6062.
Package hyperref Info: Link coloring with OCG OFF on input line 6067.
Package hyperref Info: PDF/A mode OFF on input line 6072.

(/usr/share/texlive/texmf-dist/tex/latex/base/atbegshi-ltx.sty
Package: atbegshi-ltx 2021/01/10 v1.0c Emulation of the original atbegshi
package with kernel methods
)
\Hy@abspage=\count292
\c@Item=\count293
\c@Hfootnote=\count294
)
Package hyperref Info: Driver (autodetected): hpdftex.

(/usr/share/texlive/texmf-dist/tex/latex/hyperref/hpdftex.def
File: hpdftex.def 2024-11-05 v7.01l Hyperref driver for pdfTeX

(/usr/share/texlive/texmf-dist/tex/latex/base/atveryend-ltx.sty
Package: atveryend-ltx 2020/08/19 v1.0a Emulation of the original atveryend pac
kage
with kernel methods
)
\Fld@listcount=\count295
\c@bookmark@seq@number=\count296

(/usr/share/texlive/texmf-dist/tex/latex/rerunfilecheck/rerunfilecheck.sty
Package: rerunfilecheck 2022-07-10 v1.10 Rerun checks for auxiliary files (HO)

(/usr/share/texlive/texmf-dist/tex/generic/uniquecounter/uniquecounter.sty
Package: uniquecounter 2019/12/15 v1.4 Provide unlimited unique counter (HO)
)
Package uniquecounter Info: New unique counter `rerunfilecheck' on input line 2
85.
)
\Hy@SectionHShift=\skip57
)
(/usr/share/texlive/texmf-dist/tex/latex/booktabs/booktabs.sty
Package: booktabs 2020/01/12 v1.61803398 Publication quality tables
\heavyrulewidth=\dimen163
\lightrulewidth=\dimen164
\cmidrulewidth=\dimen165
\belowrulesep=\dimen166
\belowbottomsep=\dimen167
\aboverulesep=\dimen168
\abovetopsep=\dimen169
\cmidrulesep=\dimen170
\cmidrulekern=\dimen171
\defaultaddspace=\dimen172
\@cmidla=\count297
\@cmidlb=\count298
\@aboverulesep=\dimen173
\@belowrulesep=\dimen174
\@thisruleclass=\count299
\@lastruleclass=\count300
\@thisrulewidth=\dimen175
)
(/usr/share/texlive/texmf-dist/tex/latex/tools/array.sty
Package: array 2024/10/17 v2.6g Tabular extension package (FMi)
\col@sep=\dimen176
\ar@mcellbox=\box54
\extrarowheight=\dimen177
\NC@list=\toks32
\extratabsurround=\skip58
\backup@length=\skip59
\ar@cellbox=\box55
)
(/usr/share/texlive/texmf-dist/tex/latex/tools/longtable.sty
Package: longtable 2024-10-27 v4.22 Multi-page Table package (DPC)
\LTleft=\skip60
\LTright=\skip61
\LTpre=\skip62
\LTpost=\skip63
\LTchunksize=\count301
\LTcapwidth=\dimen178
\LT@head=\box56
\LT@firsthead=\box57
\LT@foot=\box58
\LT@lastfoot=\box59
\LT@gbox=\box60
\LT@cols=\count302
\LT@rows=\count303
\c@LT@tables=\count304
\c@LT@chunks=\count305
\LT@p@ftn=\toks33
)
(/usr/share/texlive/texmf-dist/tex/latex/enumitem/enumitem.sty
Package: enumitem 2025/02/06 v3.11 Customized lists
\labelindent=\skip64
\enit@outerparindent=\dimen179
\enit@toks=\toks34
\enit@inbox=\box61
\enit@count@id=\count306
\enitdp@description=\count307
)
\c@theorem=\count308

(/usr/share/texlive/texmf-dist/tex/latex/l3backend/l3backend-pdftex.def
File: l3backend-pdftex.def 2024-05-08 L3 backend support: PDF output (pdfTeX)
\l__color_backend_stack_int=\count309
\l__pdf_internal_box=\box62
)
(./02_axioms.aux)
\openout1 = `02_axioms.aux'.

LaTeX Font Info:    Checking defaults for OML/cmm/m/it on input line 50.
LaTeX Font Info:    ... okay on input line 50.
LaTeX Font Info:    Checking defaults for OMS/cmsy/m/n on input line 50.
LaTeX Font Info:    ... okay on input line 50.
LaTeX Font Info:    Checking defaults for OT1/cmr/m/n on input line 50.
LaTeX Font Info:    ... okay on input line 50.
LaTeX Font Info:    Checking defaults for T1/cmr/m/n on input line 50.
LaTeX Font Info:    ... okay on input line 50.
LaTeX Font Info:    Checking defaults for TS1/cmr/m/n on input line 50.
LaTeX Font Info:    ... okay on input line 50.
LaTeX Font Info:    Checking defaults for OMX/cmex/m/n on input line 50.
LaTeX Font Info:    ... okay on input line 50.
LaTeX Font Info:    Checking defaults for U/cmr/m/n on input line 50.
LaTeX Font Info:    ... okay on input line 50.
LaTeX Font Info:    Checking defaults for PD1/pdf/m/n on input line 50.
LaTeX Font Info:    ... okay on input line 50.
LaTeX Font Info:    Checking defaults for PU/pdf/m/n on input line 50.
LaTeX Font Info:    ... okay on input line 50.

*geometry* driver: auto-detecting
*geometry* detected driver: pdftex
*geometry* verbose mode - [ preamble ] result:
* driver: pdftex
* paper: a4paper
* layout: <same size as paper>
* layoutoffset:(h,v)=(0.0pt,0.0pt)
* modes: 
* h-part:(L,W,R)=(72.26999pt, 452.9679pt, 72.26999pt)
* v-part:(T,H,B)=(72.26999pt, 700.50687pt, 72.26999pt)
* \paperwidth=597.50787pt
* \paperheight=845.04684pt
* \textwidth=452.9679pt
* \textheight=700.50687pt
* \oddsidemargin=0.0pt
* \evensidemargin=0.0pt
* \topmargin=-37.0pt
* \headheight=12.0pt
* \headsep=25.0pt
* \topskip=12.0pt
* \footskip=30.0pt
* \marginparwidth=35.0pt
* \marginparsep=10.0pt
* \columnsep=10.0pt
* \skip\footins=10.8pt plus 4.0pt minus 2.0pt
* \hoffset=0.0pt
* \voffset=0.0pt
* \mag=1000
* \@twocolumnfalse
* \@twosidefalse
* \@mparswitchfalse
* \@reversemarginfalse
* (1in=72.27pt=25.4mm, 1cm=28.453pt)

Package hyperref Info: Link coloring OFF on input line 50.
(./02_axioms.out) (./02_axioms.out)
\@outlinefile=\write3
\openout3 = `02_axioms.out'.

LaTeX Font Info:    Trying to load font information for U+msa on input line 52.


(/usr/share/texlive/texmf-dist/tex/latex/amsfonts/umsa.fd
File: umsa.fd 2013/01/14 v3.01 AMS symbols A
)
LaTeX Font Info:    Trying to load font information for U+msb on input line 52.


(/usr/share/texlive/texmf-dist/tex/latex/amsfonts/umsb.fd
File: umsb.fd 2013/01/14 v3.01 AMS symbols B
)
LaTeX Font Info:    Trying to load font information for U+rsfs on input line 52
.

(/usr/share/texlive/texmf-dist/tex/latex/jknapltx/ursfs.fd
File: ursfs.fd 1998/03/24 rsfs font definition file (jk)
) (./02_axioms.toc

[1

{/var/lib/texmf/fonts/map/pdftex/updmap/pdftex.map}{/usr/share/texmf/fonts/enc/
dvips/cm-super/cm-super-t1.enc}]

[2])
\tf@toc=\write4
\openout4 = `02_axioms.toc'.



[3]

[4{/usr/share/texmf/fonts/enc/dvips/cm-super/cm-super-ts1.enc}]
LaTeX Font Info:    Trying to load font information for U+euf on input line 180
.

(/usr/share/texlive/texmf-dist/tex/latex/amsfonts/ueuf.fd
File: ueuf.fd 2013/01/14 v3.01 Euler Fraktur
)

[5]
Underfull \hbox (badness 2302) in paragraph at lines 268--270
\T1/cmr/m/n/12 data, equi-lib-rium state, semi-
 []


Underfull \hbox (badness 1803) in paragraph at lines 274--275
[]|\T1/cmr/m/n/12 classify the-ory type /
 []


Underfull \hbox (badness 10000) in paragraph at lines 277--277
[]|\T1/cmr/m/n/12 Derived out-
 []


Underfull \hbox (badness 4441) in paragraph at lines 278--279
[]|\T1/cmr/m/n/12 downstream spe-cial-iza-
 []



[6]

[7]
Overfull \hbox (140.86145pt too wide) detected at line 435
\OML/cmm/m/it/12 P \OMS/cmsy/m/n/12 2 f[]\OML/cmm/m/it/12 ; []; []; []; []; [];
 []; []; []; []; []\OMS/cmsy/m/n/12 g\OML/cmm/m/it/12 ;
 []


Overfull \hbox (73.06943pt too wide) in paragraph at lines 450--453
[]$\OML/cmm/m/it/12 H\OT1/cmr/m/n/12 ([]) = \OMS/cmsy/m/n/12 f[]g$\T1/cmr/m/it/
12 , $\OML/cmm/m/it/12 H\OT1/cmr/m/n/12 ([]) = \OMS/cmsy/m/n/12 f[]\OML/cmm/m/i
t/12 ; []; []\OMS/cmsy/m/n/12 g$\T1/cmr/m/it/12 ; 
 []


Underfull \hbox (badness 2351) in paragraph at lines 479--479
[]|\T1/cmr/m/n/12 Core 4 in flat
 []


Underfull \hbox (badness 10000) in paragraph at lines 479--479
[]|$\OML/cmm/m/it/12 E\OT1/cmr/m/n/12 (4)$\T1/cmr/m/n/12 -invariant
 []


Underfull \hbox (badness 10000) in paragraph at lines 479--479
\T1/cmr/m/n/12 equi-lib-rium
 []


Underfull \hbox (badness 10000) in paragraph at lines 480--480
[]|\T1/cmr/m/n/12 Physical
 []


Underfull \hbox (badness 10000) in paragraph at lines 480--480
\T1/cmr/m/n/12 al-ge-bra via
 []


Underfull \hbox (badness 10000) in paragraph at lines 483--483
[]|\T1/cmr/m/n/12 RP + CL
 []


Underfull \hbox (badness 10000) in paragraph at lines 483--483
\T1/cmr/m/n/12 through OS
 []


Underfull \hbox (badness 10000) in paragraph at lines 483--484
[]|\T1/cmr/m/n/12 OS re-con-
 []


Underfull \hbox (badness 10000) in paragraph at lines 486--486
[]|\T1/cmr/m/n/12 Local co-
 []


Underfull \hbox (badness 5302) in paragraph at lines 486--486
[]|\T1/cmr/m/n/12 Axis A for
 []


Underfull \hbox (badness 10000) in paragraph at lines 487--488
[]|\T1/cmr/m/n/12 Standard
 []


Underfull \hbox (badness 10000) in paragraph at lines 487--488
\T1/cmr/m/n/12 hy-per-bolic
 []


Underfull \hbox (badness 10000) in paragraph at lines 488--488
[]|\T1/cmr/m/n/12 Microlocal
 []


Underfull \hbox (badness 10000) in paragraph at lines 488--489
[]|\T1/cmr/m/n/12 Standard
 []


Underfull \hbox (badness 10000) in paragraph at lines 488--489
\T1/cmr/m/n/12 Hadamard
 []



[8]

[9]
Overfull \hbox (2.76239pt too wide) in paragraph at lines 669--671
[]\T1/cmr/m/n/12 invoking the rel-e-vant ver-i-fi-ca-tion in-ter-face only af-t
er those clauses have been checked. 
 []



[10]

[11]
Overfull \hbox (20.73575pt too wide) in paragraph at lines 856--856
[]\T1/cmr/bx/n/17.28 The Stan-dard Frame-works and Their Up-stream Sources 
 []



[12]
Overfull \hbox (0.97075pt too wide) in paragraph at lines 897--905
\T1/cmr/bx/n/12 W1: Co-vari-ance of fields. \T1/cmr/m/n/12 The field op-er-a-to
rs trans-form co-vari-antly un-der the Poincaré
 []



[13]

[14]

[15]
Underfull \hbox (badness 10000) in paragraph at lines 1213--1213
[]|\T1/cmr/m/n/12 Operator-valued
 []


Underfull \hbox (badness 10000) in paragraph at lines 1213--1213
\T1/cmr/m/n/12 fields, Hilbert
 []


Underfull \hbox (badness 10000) in paragraph at lines 1213--1213
\T1/cmr/m/n/12 space, Poincaré
 []


Underfull \hbox (badness 2582) in paragraph at lines 1214--1215
[]|\T1/cmr/m/n/12 Derived (flat sec-
 []


Underfull \hbox (badness 10000) in paragraph at lines 1215--1215
[]|\T1/cmr/m/n/12 Osterwalder--
 []


Underfull \hbox (badness 10000) in paragraph at lines 1216--1216
[]|\T1/cmr/m/n/12 Schwinger func-
 []


Underfull \hbox (badness 10000) in paragraph at lines 1216--1216
\T1/cmr/m/n/12 tions, re-flec-tion
 []


Underfull \hbox (badness 2582) in paragraph at lines 1217--1218
[]|\T1/cmr/m/n/12 Derived (flat sec-
 []


Underfull \hbox (badness 10000) in paragraph at lines 1218--1218
[]|\T1/cmr/m/n/12 Haag--Kastler /
 []


Underfull \hbox (badness 4096) in paragraph at lines 1220--1221
[]|\T1/cmr/m/n/12 Derived (man-i-fold
 []


Underfull \hbox (badness 10000) in paragraph at lines 1222--1222
[]|\T1/cmr/m/n/12 Core struc-tural
 []


Underfull \hbox (badness 10000) in paragraph at lines 1222--1222
\T1/cmr/m/n/12 prop-er-ties +
 []


Underfull \hbox (badness 10000) in paragraph at lines 1238--1238
[]|\T1/cmr/m/n/12 Supplementary
 []


Underfull \hbox (badness 10000) in paragraph at lines 1239--1239
[]|\T1/cmr/m/n/12 Imported
 []


Underfull \hbox (badness 2689) in paragraph at lines 1242--1242
\T1/cmr/m/n/12 for OS3, $\OML/cmm/m/it/12 E\OT1/cmr/m/n/12 (4)$\T1/cmr/m/n/12 -

 []


Underfull \hbox (badness 10000) in paragraph at lines 1246--1246
[]|\T1/cmr/m/n/12 OS re-con-
 []


Underfull \hbox (badness 2343) in paragraph at lines 1247--1247
[]|\T1/cmr/m/n/12 HK / LC-
 []


Underfull \hbox (badness 4108) in paragraph at lines 1249--1249
[]|\T1/cmr/m/n/12 Standard hy-
 []


Underfull \hbox (badness 10000) in paragraph at lines 1249--1249
\T1/cmr/m/n/12 per-bolic and
 []


Underfull \hbox (badness 10000) in paragraph at lines 1249--1249
\T1/cmr/m/n/12 Hadamard
 []


Underfull \hbox (badness 10000) in paragraph at lines 1250--1251
[]|\T1/cmr/m/n/12 Isotony,
 []


Underfull \hbox (badness 10000) in paragraph at lines 1250--1251
\T1/cmr/m/n/12 lo-cal-ity,
 []


Underfull \hbox (badness 10000) in paragraph at lines 1250--1251
\T1/cmr/m/n/12 co-vari-ance,
 []


Underfull \hbox (badness 10000) in paragraph at lines 1250--1251
\T1/cmr/m/n/12 op-tional
 []


Underfull \hbox (badness 10000) in paragraph at lines 1250--1251
\T1/cmr/m/n/12 time-slice
 []


Underfull \hbox (badness 10000) in paragraph at lines 1250--1251
\T1/cmr/m/n/12 and mi-
 []


Underfull \hbox (badness 10000) in paragraph at lines 1250--1251
\T1/cmr/m/n/12 crolo-cal
 []


Underfull \hbox (badness 10000) in paragraph at lines 1251--1251
[]|\T1/cmr/m/n/12 Verified OS
 []


Underfull \hbox (badness 10000) in paragraph at lines 1251--1251
\T1/cmr/m/n/12 pack-age above,
 []


Underfull \hbox (badness 10000) in paragraph at lines 1251--1251
\T1/cmr/m/n/12 time phys-i-cal
 []


Underfull \hbox (badness 10000) in paragraph at lines 1254--1255
[]|$[]\OT1/cmr/m/n/12 (\OML/cmm/m/it/12 H\OT1/cmr/m/n/12 ) \OMS/cmsy/m/n/12 \
 []



[16]

[17]

[18]

[19]
Overfull \hbox (42.4965pt too wide) in paragraph at lines 1642--1646
[]\T1/cmr/bx/n/12 Axiom 4.14 \T1/cmr/m/n/12 (D2: Crit-i-cal / Con-for-mal Phase
)\T1/cmr/bx/n/12 . \T1/cmr/m/n/12 The vac-uum sec-tor is gap-less: $[] [] \OML/
cmm/m/it/12 H\OMS/cmsy/m/n/12 j[] \OT1/cmr/m/n/12 =
 []



[20]
Underfull \hbox (badness 10000) in paragraph at lines 1672--1672
[]|\T1/cmr/m/n/12 Gauge-bosonic
 []


Underfull \hbox (badness 10000) in paragraph at lines 1674--1674
[]|\T1/cmr/m/n/12 Ungauged
 []


Underfull \hbox (badness 10000) in paragraph at lines 1674--1674
\T1/cmr/m/n/12 fermionic free
 []


Underfull \hbox (badness 2469) in paragraph at lines 1675--1675
[]|\T1/cmr/m/n/12 Mixed in-ter-act-ing
 []


Underfull \hbox (badness 10000) in paragraph at lines 1675--1675
\T1/cmr/m/n/12 su-per-sym-met-ric
 []


Underfull \hbox (badness 10000) in paragraph at lines 1676--1676
[]|\T1/cmr/m/n/12 Discrete-gauge
 []


Underfull \hbox (badness 10000) in paragraph at lines 1678--1678
[]|\T1/cmr/m/n/12 Ungauged mixed
 []



[21]
Overfull \hbox (6.08243pt too wide) in paragraph at lines 1817--1822
[]\T1/cmr/m/n/12 The stan-dard Osterwalder--Schrader transfer-operator con-stru
c-tion iden-ti-fies $\OML/cmm/m/it/12 K[]K[]$
 []



[22]

[23]

[24]

[25]

[26]

[27]

[28]

[29]
Overfull \hbox (12.5139pt too wide) in paragraph at lines 2505--2505
[]\T1/cmr/bx/n/17.28 Supersymmetry, Topo-log-i-cal The-o-ries, and the Bound-
 []



[30]

[31]
Overfull \hbox (27.6549pt too wide) in paragraph at lines 2642--2647
[]\T1/cmr/m/n/12 The frame-work should be com-pat-i-ble with singular-
 []



[32]
Underfull \hbox (badness 3000) in paragraph at lines 2741--2744
[]\T1/cmr/m/n/12 E. Wit-ten, ``Con-straints on su-per-sym-me-try break-ing,'' \
T1/cmr/m/it/12 Nu-clear Physics B\T1/cmr/m/n/12 ,
 []


Underfull \hbox (badness 2875) in paragraph at lines 2751--2754
[]\T1/cmr/m/n/12 M. Hairer, ``A the-ory of reg-u-lar-ity struc-tures,'' \T1/cmr
/m/it/12 In-ven-tiones Math-e-mat-i-cae\T1/cmr/m/n/12 ,
 []



[33]

[34]

[35]

[36]

[37]

[38] (./02_axioms.aux)
 ***********
LaTeX2e <2024-11-01> patch level 2
L3 programming layer <2025-01-18>
 ***********
Package rerunfilecheck Info: File `02_axioms.out' has not changed.
(rerunfilecheck)             Checksum: 5C53272502314B90D171AB44B27AD6BB;12287.
 ) 
Here is how much of TeX's memory you used:
 10886 strings out of 473197
 163057 string characters out of 5718606
 599375 words of memory out of 5000000
 33665 multiletter control sequences out of 15000+600000
 581609 words of font info for 100 fonts, out of 8000000 for 9000
 1141 hyphenation exceptions out of 8191
 75i,12n,79p,546b,751s stack positions out of 10000i,1000n,20000p,200000b,200000s
</usr/share/texlive/texmf-dist/fonts/type1/public/amsfonts/cm/cmbx12.pfb></us
r/share/texlive/texmf-dist/fonts/type1/public/amsfonts/cm/cmex10.pfb></usr/shar
e/texlive/texmf-dist/fonts/type1/public/amsfonts/cm/cmmi12.pfb></usr/share/texl
ive/texmf-dist/fonts/type1/public/amsfonts/cm/cmmi6.pfb></usr/share/texlive/tex
mf-dist/fonts/type1/public/amsfonts/cm/cmmi8.pfb></usr/share/texlive/texmf-dist
/fonts/type1/public/amsfonts/cm/cmr12.pfb></usr/share/texlive/texmf-dist/fonts/
type1/public/amsfonts/cm/cmr6.pfb></usr/share/texlive/texmf-dist/fonts/type1/pu
blic/amsfonts/cm/cmr8.pfb></usr/share/texlive/texmf-dist/fonts/type1/public/ams
fonts/cm/cmsy10.pfb></usr/share/texlive/texmf-dist/fonts/type1/public/amsfonts/
cm/cmsy6.pfb></usr/share/texlive/texmf-dist/fonts/type1/public/amsfonts/cm/cmsy
8.pfb></usr/share/texlive/texmf-dist/fonts/type1/public/amsfonts/euler/eufm10.p
fb></usr/share/texlive/texmf-dist/fonts/type1/public/amsfonts/symbols/msbm10.pf
b></usr/share/texmf/fonts/type1/public/cm-super/sfbx1095.pfb></usr/share/texmf/
fonts/type1/public/cm-super/sfbx1200.pfb></usr/share/texmf/fonts/type1/public/c
m-super/sfbx1440.pfb></usr/share/texmf/fonts/type1/public/cm-super/sfbx1728.pfb
></usr/share/texmf/fonts/type1/public/cm-super/sfrm0800.pfb></usr/share/texmf/f
onts/type1/public/cm-super/sfrm1095.pfb></usr/share/texmf/fonts/type1/public/cm
-super/sfrm1200.pfb></usr/share/texmf/fonts/type1/public/cm-super/sfrm1440.pfb>
</usr/share/texmf/fonts/type1/public/cm-super/sfrm2074.pfb></usr/share/texmf/fo
nts/type1/public/cm-super/sfti1200.pfb></usr/share/texmf/fonts/type1/public/cm-
super/sftt1440.pfb>
Output written on 02_axioms.pdf (38 pages, 531117 bytes).
PDF statistics:
 1119 PDF objects out of 1200 (max. 8388607)
 1001 compressed objects within 11 object streams
 334 named destinations out of 1000 (max. 500000)
 457 words of extra memory for PDF output out of 10000 (max. 10000000)

