\BOOKMARK [1][-]{section.1}{\376\377\000I\000n\000t\000r\000o\000d\000u\000c\000t\000i\000o\000n}{}% 1
\BOOKMARK [2][-]{subsection.1.1}{\376\377\000P\000r\000o\000b\000l\000e\000m\000\040\000S\000t\000a\000t\000e\000m\000e\000n\000t}{section.1}% 2
\BOOKMARK [2][-]{subsection.1.2}{\376\377\000M\000a\000i\000n\000\040\000I\000d\000e\000a}{section.1}% 3
\BOOKMARK [2][-]{subsection.1.3}{\376\377\000P\000r\000i\000m\000i\000t\000i\000v\000e\000\040\000O\000b\000j\000e\000c\000t\000\040\000a\000n\000d\000\040\000A\000d\000m\000i\000s\000s\000i\000b\000i\000l\000i\000t\000y}{section.1}% 4
\BOOKMARK [2][-]{subsection.1.4}{\376\377\000N\000a\000t\000u\000r\000e\000\040\000o\000f\000\040\000T\000h\000i\000s\000\040\000P\000a\000p\000e\000r}{section.1}% 5
\BOOKMARK [2][-]{subsection.1.5}{\376\377\000M\000a\000i\000n\000\040\000T\000h\000e\000o\000r\000e\000m\000s}{section.1}% 6
\BOOKMARK [2][-]{subsection.1.6}{\376\377\000V\000e\000r\000i\000f\000i\000c\000a\000t\000i\000o\000n\000\040\000P\000r\000o\000t\000o\000c\000o\000l}{section.1}% 7
\BOOKMARK [2][-]{subsection.1.7}{\376\377\000M\000i\000n\000i\000m\000a\000l\000\040\000C\000l\000a\000i\000m\000s\000\040\000a\000n\000d\000\040\000E\000x\000p\000l\000i\000c\000i\000t\000\040\000N\000o\000n\000-\000C\000l\000a\000i\000m\000s}{section.1}% 8
\BOOKMARK [2][-]{subsection.1.8}{\376\377\000V\000e\000r\000i\000f\000i\000c\000a\000t\000i\000o\000n\000\040\000I\000n\000t\000e\000r\000f\000a\000c\000e\000\040\000a\000n\000d\000\040\000F\000r\000o\000z\000e\000n\000\040\000H\000y\000p\000o\000t\000h\000e\000s\000i\000s\000\040\000P\000a\000c\000k\000a\000g\000e\000s}{section.1}% 9
\BOOKMARK [2][-]{subsection.1.9}{\376\377\000R\000e\000l\000a\000t\000i\000o\000n\000\040\000t\000o\000\040\000R\000e\000c\000e\000n\000t\000\040\000C\000o\000n\000s\000t\000r\000u\000c\000t\000i\000v\000e\000\040\000Q\000F\000T}{section.1}% 10
\BOOKMARK [2][-]{subsection.1.10}{\376\377\000R\000o\000a\000d\000m\000a\000p}{section.1}% 11
\BOOKMARK [1][-]{section.2}{\376\377\000T\000h\000e\000\040\000S\000t\000a\000n\000d\000a\000r\000d\000\040\000F\000r\000a\000m\000e\000w\000o\000r\000k\000s\000\040\000a\000n\000d\000\040\000T\000h\000e\000i\000r\000\040\000U\000p\000s\000t\000r\000e\000a\000m\000\040\000S\000o\000u\000r\000c\000e\000s}{}% 12
\BOOKMARK [2][-]{subsection.2.1}{\376\377\000W\000i\000g\000h\000t\000m\000a\000n\000\040\000A\000x\000i\000o\000m\000s}{section.2}% 13
\BOOKMARK [2][-]{subsection.2.2}{\376\377\000O\000s\000t\000e\000r\000w\000a\000l\000d\000e\000r\040\023\000S\000c\000h\000r\000a\000d\000e\000r\000\040\000A\000x\000i\000o\000m\000s}{section.2}% 14
\BOOKMARK [2][-]{subsection.2.3}{\376\377\000H\000a\000a\000g\040\023\000K\000a\000s\000t\000l\000e\000r\000\040\000/\000\040\000L\000o\000c\000a\000l\000l\000y\000\040\000C\000o\000v\000a\000r\000i\000a\000n\000t\000\040\000A\000Q\000F\000T}{section.2}% 15
\BOOKMARK [2][-]{subsection.2.4}{\376\377\000S\000u\000m\000m\000a\000r\000y\000:\000\040\000W\000h\000a\000t\000\040\000t\000h\000e\000\040\000C\000o\000r\000e\000\040\000A\000x\000i\000o\000m\000s\000\040\000P\000r\000o\000v\000i\000d\000e}{section.2}% 16
\BOOKMARK [2][-]{subsection.2.5}{\376\377\000V\000e\000r\000i\000f\000i\000c\000a\000t\000i\000o\000n\000\040\000I\000n\000p\000u\000t\000/\000O\000u\000t\000p\000u\000t\000\040\000T\000a\000b\000l\000e}{section.2}% 17
\BOOKMARK [1][-]{section.3}{\376\377\000T\000h\000e\000\040\000F\000i\000v\000e\000\040\000C\000o\000r\000e\000\040\000A\000x\000i\000o\000m\000s}{}% 18
\BOOKMARK [2][-]{subsection.3.1}{\376\377\000G\000e\000o\000m\000e\000t\000r\000i\000c\000\040\000S\000e\000t\000t\000i\000n\000g}{section.3}% 19
\BOOKMARK [2][-]{subsection.3.2}{\376\377\000W\000h\000y\000\040\000a\000\040\000H\000i\000e\000r\000a\000r\000c\000h\000i\000c\000a\000l\000\040\000A\000x\000i\000o\000m\000\040\000S\000y\000s\000t\000e\000m}{section.3}% 20
\BOOKMARK [2][-]{subsection.3.3}{\376\377\000C\000o\000r\000e\000\040\000A\000x\000i\000o\000m\000\040\0001\000:\000\040\000G\000e\000o\000m\000e\000t\000r\000i\000c\000\040\000L\000o\000c\000a\000l\000i\000t\000y}{section.3}% 21
\BOOKMARK [2][-]{subsection.3.4}{\376\377\000C\000o\000r\000e\000\040\000A\000x\000i\000o\000m\000\040\0002\000:\000\040\000F\000i\000n\000i\000t\000e\000\040\000R\000e\000s\000o\000l\000u\000t\000i\000o\000n}{section.3}% 22
\BOOKMARK [2][-]{subsection.3.5}{\376\377\000C\000o\000r\000e\000\040\000A\000x\000i\000o\000m\000\040\0003\000:\000\040\000F\000i\000n\000i\000t\000e\000\040\000P\000r\000o\000p\000a\000g\000a\000t\000i\000o\000n}{section.3}% 23
\BOOKMARK [2][-]{subsection.3.6}{\376\377\000C\000o\000r\000e\000\040\000A\000x\000i\000o\000m\000\040\0004\000:\000\040\000L\000o\000c\000a\000l\000\040\000D\000y\000n\000a\000m\000i\000c\000s\000\040\000w\000i\000t\000h\000\040\000A\000d\000d\000i\000t\000i\000v\000e\000\040\000D\000e\000c\000o\000m\000p\000o\000s\000i\000t\000i\000o\000n}{section.3}% 24
\BOOKMARK [2][-]{subsection.3.7}{\376\377\000C\000o\000r\000e\000\040\000A\000x\000i\000o\000m\000\040\0005\000:\000\040\000P\000o\000s\000i\000t\000i\000v\000i\000t\000y\000\040\000a\000n\000d\000\040\000S\000t\000a\000b\000i\000l\000i\000t\000y}{section.3}% 25
\BOOKMARK [2][-]{subsection.3.8}{\376\377\000F\000i\000n\000i\000t\000e\000\040\000R\000e\000s\000o\000l\000u\000t\000i\000o\000n\000\040\000a\000n\000d\000\040\000S\000c\000a\000l\000i\000n\000g}{section.3}% 26
\BOOKMARK [1][-]{section.4}{\376\377\000T\000h\000e\000\040\000S\000p\000e\000c\000i\000a\000l\000i\000z\000a\000t\000i\000o\000n\000\040\000A\000x\000e\000s}{}% 27
\BOOKMARK [2][-]{subsection.4.1}{\376\377\000A\000x\000i\000s\000\040\000A\000:\000\040\000I\000n\000t\000e\000r\000n\000a\000l\000\040\000S\000y\000m\000m\000e\000t\000r\000y}{section.4}% 28
\BOOKMARK [2][-]{subsection.4.2}{\376\377\000A\000x\000i\000s\000\040\000B\000:\000\040\000S\000t\000a\000t\000i\000s\000t\000i\000c\000s}{section.4}% 29
\BOOKMARK [2][-]{subsection.4.3}{\376\377\000A\000x\000i\000s\000\040\000C\000:\000\040\000I\000n\000t\000e\000r\000a\000c\000t\000i\000o\000n\000\040\000T\000y\000p\000e}{section.4}% 30
\BOOKMARK [2][-]{subsection.4.4}{\376\377\000A\000x\000i\000s\000\040\000D\000:\000\040\000S\000p\000e\000c\000t\000r\000a\000l\000\040\000T\000y\000p\000e}{section.4}% 31
\BOOKMARK [2][-]{subsection.4.5}{\376\377\000D\000e\000p\000e\000n\000d\000e\000n\000c\000y\000\040\000D\000i\000a\000g\000r\000a\000m\000\040\000a\000n\000d\000\040\000C\000l\000a\000s\000s\000i\000f\000i\000c\000a\000t\000i\000o\000n\000\040\000T\000a\000b\000l\000e}{section.4}% 32
\BOOKMARK [1][-]{section.5}{\376\377\000S\000p\000e\000c\000i\000a\000l\000i\000z\000a\000t\000i\000o\000n\000\040\000T\000h\000e\000o\000r\000e\000m\000s}{}% 33
\BOOKMARK [2][-]{subsection.5.1}{\376\377\000F\000l\000a\000t\000\040\000S\000t\000a\000t\000i\000o\000n\000a\000r\000y\000\040\000S\000e\000c\000t\000o\000r}{section.5}% 34
\BOOKMARK [2][-]{subsection.5.2}{\376\377\000H\000y\000p\000e\000r\000p\000l\000a\000n\000e\000\040\000D\000e\000c\000o\000m\000p\000o\000s\000i\000t\000i\000o\000n\000\040\000a\000n\000d\000\040\000T\000r\000a\000n\000s\000f\000e\000r\000\040\000M\000a\000t\000r\000i\000x}{section.5}% 35
\BOOKMARK [2][-]{subsection.5.3}{\376\377\000T\000h\000e\000\040\000U\000p\000s\000t\000r\000e\000a\000m\000\040\000D\000y\000n\000a\000m\000i\000c\000a\000l\000\040\000C\000h\000a\000i\000n\000\040\000f\000o\000r\000\040\000O\000S\0003}{section.5}% 36
\BOOKMARK [2][-]{subsection.5.4}{\376\377\000D\000e\000r\000i\000v\000a\000t\000i\000o\000n\000\040\000o\000f\000\040\000O\000S\0000\040\023\000O\000S\0004}{section.5}% 37
\BOOKMARK [2][-]{subsection.5.5}{\376\377\000D\000e\000n\000s\000i\000t\000y\000,\000\040\000S\000e\000p\000a\000r\000a\000t\000i\000o\000n\000,\000\040\000a\000n\000d\000\040\000M\000a\000s\000s\000-\000G\000a\000p\000\040\000T\000r\000a\000n\000s\000f\000e\000r}{section.5}% 38
\BOOKMARK [2][-]{subsection.5.6}{\376\377\000G\000e\000n\000e\000r\000a\000l\000\040\000M\000a\000n\000i\000f\000o\000l\000d\000\040\000S\000p\000e\000c\000i\000a\000l\000i\000z\000a\000t\000i\000o\000n}{section.5}% 39
\BOOKMARK [2][-]{subsection.5.7}{\376\377\000H\000o\000w\000\040\000T\000o\000\040\000U\000s\000e\000\040\000t\000h\000e\000\040\000F\000r\000a\000m\000e\000w\000o\000r\000k\000\040\000i\000n\000\040\000a\000\040\000R\000e\000a\000l\000i\000z\000a\000t\000i\000o\000n\000\040\000P\000a\000p\000e\000r}{section.5}% 40
\BOOKMARK [1][-]{section.6}{\376\377\000C\000o\000m\000p\000a\000t\000i\000b\000i\000l\000i\000t\000y\000,\000\040\000D\000e\000p\000e\000n\000d\000e\000n\000c\000y\000\040\000S\000e\000p\000a\000r\000a\000t\000i\000o\000n\000,\000\040\000a\000n\000d\000\040\000S\000c\000o\000p\000e\000\040\000B\000o\000u\000n\000d\000a\000r\000i\000e\000s}{}% 41
\BOOKMARK [2][-]{subsection.6.1}{\376\377\000I\000n\000t\000e\000r\000n\000a\000l\000\040\000C\000o\000n\000s\000i\000s\000t\000e\000n\000c\000y\000\040\000C\000o\000n\000d\000i\000t\000i\000o\000n\000s}{section.6}% 42
\BOOKMARK [2][-]{subsection.6.2}{\376\377\000D\000e\000p\000e\000n\000d\000e\000n\000c\000y\000\040\000S\000e\000p\000a\000r\000a\000t\000i\000o\000n}{section.6}% 43
\BOOKMARK [2][-]{subsection.6.3}{\376\377\000S\000c\000o\000p\000e\000\040\000B\000o\000u\000n\000d\000a\000r\000y\000\040\000P\000r\000o\000p\000o\000s\000i\000t\000i\000o\000n\000s}{section.6}% 44
\BOOKMARK [1][-]{section.7}{\376\377\000C\000o\000n\000s\000t\000r\000u\000c\000t\000i\000v\000e\000n\000e\000s\000s\000,\000\040\000R\000e\000n\000o\000r\000m\000a\000l\000i\000z\000a\000t\000i\000o\000n\000,\000\040\000a\000n\000d\000\040\000S\000c\000a\000l\000i\000n\000g}{}% 45
\BOOKMARK [2][-]{subsection.7.1}{\376\377\000W\000h\000y\000\040\000`\000`\000C\000o\000n\000s\000t\000r\000u\000c\000t\000i\000v\000e\000'\000'}{section.7}% 46
\BOOKMARK [2][-]{subsection.7.2}{\376\377\000A\000n\000a\000l\000y\000t\000i\000c\000\040\000h\000y\000p\000o\000t\000h\000e\000s\000e\000s\000\040\000b\000e\000y\000o\000n\000d\000\040\000t\000h\000e\000\040\000a\000x\000i\000o\000m\000s}{section.7}% 47
\BOOKMARK [2][-]{subsection.7.3}{\376\377\000R\000e\000n\000o\000r\000m\000a\000l\000i\000z\000a\000t\000i\000o\000n\000\040\000G\000r\000o\000u\000p\000\040\000W\000i\000t\000h\000i\000n\000\040\000t\000h\000e\000\040\000F\000r\000a\000m\000e\000w\000o\000r\000k}{section.7}% 48
\BOOKMARK [1][-]{section.8}{\376\377\000S\000u\000p\000e\000r\000s\000y\000m\000m\000e\000t\000r\000y\000,\000\040\000T\000o\000p\000o\000l\000o\000g\000i\000c\000a\000l\000\040\000T\000h\000e\000o\000r\000i\000e\000s\000,\000\040\000a\000n\000d\000\040\000t\000h\000e\000\040\000B\000o\000u\000n\000d\000a\000r\000y\000\040\000o\000f\000\040\000S\000c\000o\000p\000e}{}% 49
\BOOKMARK [2][-]{subsection.8.1}{\376\377\000S\000u\000p\000e\000r\000s\000y\000m\000m\000e\000t\000r\000y\000\040\000F\000i\000t\000s\000\040\000t\000h\000e\000\040\000F\000r\000a\000m\000e\000w\000o\000r\000k\000\040\000C\000l\000e\000a\000n\000l\000y}{section.8}% 50
\BOOKMARK [2][-]{subsection.8.2}{\376\377\000P\000u\000r\000e\000\040\000T\000Q\000F\000T\000s\000\040\000M\000a\000r\000k\000\040\000a\000\040\000G\000e\000n\000u\000i\000n\000e\000\040\000S\000c\000o\000p\000e\000\040\000B\000o\000u\000n\000d\000a\000r\000y}{section.8}% 51
\BOOKMARK [2][-]{subsection.8.3}{\376\377\000T\000o\000p\000o\000l\000o\000g\000i\000c\000a\000l\000\040\000S\000e\000c\000t\000o\000r\000s\000\040\000I\000n\000s\000i\000d\000e\000\040\000D\000y\000n\000a\000m\000i\000c\000a\000l\000\040\000T\000h\000e\000o\000r\000i\000e\000s}{section.8}% 52
\BOOKMARK [1][-]{section.9}{\376\377\000D\000i\000s\000c\000u\000s\000s\000i\000o\000n\000\040\000a\000n\000d\000\040\000O\000u\000t\000l\000o\000o\000k}{}% 53
\BOOKMARK [2][-]{subsection.9.1}{\376\377\000S\000u\000m\000m\000a\000r\000y\000\040\000o\000f\000\040\000A\000d\000v\000a\000n\000c\000e\000s}{section.9}% 54
\BOOKMARK [2][-]{subsection.9.2}{\376\377\000W\000h\000a\000t\000\040\000I\000s\000\040\000N\000o\000t\000\040\000C\000l\000a\000i\000m\000e\000d}{section.9}% 55
\BOOKMARK [2][-]{subsection.9.3}{\376\377\000F\000u\000r\000t\000h\000e\000r\000\040\000R\000e\000f\000i\000n\000e\000m\000e\000n\000t\000s}{section.9}% 56
\BOOKMARK [1][-]{section.10}{\376\377\000C\000o\000n\000c\000l\000u\000s\000i\000o\000n}{}% 57
